../Core/Src/main.c:87:6:microDelay	16	static
../Core/Src/main.c:93:9:DHT11_Start	32	static
../Core/Src/main.c:124:9:DHT11_Read	16	static
../Core/Src/main.c:155:5:main	56	static
../Core/Src/main.c:290:6:SystemClock_Config	96	static
../Core/Src/main.c:340:13:MX_I2C1_Init	8	static
../Core/Src/main.c:388:13:MX_TIM1_Init	40	static
../Core/Src/main.c:435:13:MX_USART2_UART_Init	8	static
../Core/Src/main.c:470:13:MX_GPIO_Init	48	static
../Core/Src/main.c:522:6:Error_Handler	4	static,ignoring_inline_asm
